📡 <b>xray-de</b> (on)

Upstream: <code>1.2.3.4:443</code>
A last-known-good upstream is available.

🟢 2 probe(s) succeeded through the proxy

--- keyboard ---
[🔄 Refresh (automatic)](sub:r:xray-de) | [📋 Candidates](sub:cand:xray-de)
[↩️ Restore last-known-good](sub:lkg:xray-de)
[⬅️ Subscriptions](sub) | [🏠 Menu](m)
