📋 <b>xray-de</b>: 11 кандидатов в подписке

Выбранный кандидат сперва проверяется в изолированном namespace; действующий upstream меняется только на доказанно рабочий.

Страница 2 из 2

--- keyboard ---
[• 10.0.0.9:443 (текущий)](sub:pick:xray-de:8)
[10.0.0.10:443](sub:pick:xray-de:9)
[10.0.0.11:443](sub:pick:xray-de:10)
[⬅️](sub:cand:xray-de:0)
[⬅️ К подписке](sub:c:xray-de)
