🚀 <b>Деплой</b>

Активная ревизия: <code>6b419dc34476ad09</code>
Новая ревизия: <code>feedface00001111</code> (2 туннелей, 2 устройств)
Исключены отозванные: <code>old-phone</code>

<b>Изменения:</b>
 • ➕ туннель xray-de
 • 🔀 macbook: direct → wg-nl

Со страховкой агент вернёт предыдущую ревизию сам, если не подтвердить за выбранное время — даже если новая ревизия отрежет доступ.
--- keyboard ---
[✅ Со страховкой…](dep:arm:feedface00001111)
[⚡ Применить без страховки](dep:now:feedface00001111)
[↩️ Вернуть предыдущую ревизию](dep:rb)
[🏠 Меню](m)
