📱 <b>macbook</b>

Адрес: <code>10.80.0.2/32</code>
Egress: <code>wg-nl</code>
Ключ: <code>6OUoSDjcaLfl…</code>

🟢 онлайн
Трафик: ⭱ 3.0 ГиБ от устройства, ⭳ 512.0 МиБ к нему

--- keyboard ---
[🔀 Сменить egress](dev:eg:macbook)
[📄 Прислать текущий профиль](dev:pr:macbook)
[📤 Перевыпустить профиль](dev:re:macbook)
[🚫 Отозвать](dev:rv:macbook)
[⬅️ Устройства](dev) | [🏠 Меню](m)
